#0 building with "desktop-linux" instance using docker driver

#1 [internal] load build definition from Dockerfile
#1 transferring dockerfile: 605B 0.0s done
#1 DONE 0.1s

#2 [internal] load metadata for docker.io/library/python:3.11-slim
#2 DONE 1.0s

#3 [1/5] FROM docker.io/library/python:3.11-slim@sha256:1d6131b5d479888b43200645e03a78443c7157efbdb730e6b48129740727c312
#3 resolve docker.io/library/python:3.11-slim@sha256:1d6131b5d479888b43200645e03a78443c7157efbdb730e6b48129740727c312 0.1s done
#3 sha256:1961ca026b04e3e3720545ee5a8e05e60692056663c685c5d2437bf3ad9e6e08 249B / 249B 0.5s done
#3 sha256:fcec5a125fd8f69ba9d5c3fd9ecf3810f95775d4d5694ed731adcdeae1cff909 1.29MB / 1.29MB 1.1s done
#3 sha256:a27cb4be70170df84ec3045fb7d33b3eb7018cb39fc029037429d9f06362737f 14.64MB / 14.64MB 1.4s done
#3 extracting sha256:fcec5a125fd8f69ba9d5c3fd9ecf3810f95775d4d5694ed731adcdeae1cff909 0.3s done
#3 extracting sha256:a27cb4be70170df84ec3045fb7d33b3eb7018cb39fc029037429d9f06362737f 0.7s done
#3 extracting sha256:1961ca026b04e3e3720545ee5a8e05e60692056663c685c5d2437bf3ad9e6e08 0.0s done
#3 DONE 2.5s

#4 [2/5] WORKDIR /app
#4 DONE 0.1s

#5 [internal] load .dockerignore
#5 transferring context: 123B done
#5 DONE 0.1s

#6 [internal] load build context
#6 transferring context: 33.15MB 2.0s done
#6 DONE 2.0s

#7 [3/5] COPY requirements.txt .
#7 DONE 0.1s

#8 [4/5] RUN pip install --upgrade pip &&     pip install --no-cache-dir -r requirements.txt
#8 1.864 Requirement already satisfied: pip in /usr/local/lib/python3.11/site-packages (24.0)
#8 2.026 Collecting pip
#8 2.119   Downloading pip-25.2-py3-none-any.whl.metadata (4.7 kB)
#8 2.149 Downloading pip-25.2-py3-none-any.whl (1.8 MB)
#8 2.259    ━━━━━━━━━━━━━━━━━━━━━━━━━━━━━━━━━━━━━━━━ 1.8/1.8 MB 16.4 MB/s eta 0:00:00
#8 2.293 Installing collected packages: pip
#8 2.294   Attempting uninstall: pip
#8 2.296     Found existing installation: pip 24.0
#8 2.346     Uninstalling pip-24.0:
#8 2.685       Successfully uninstalled pip-24.0
#8 3.740 Successfully installed pip-25.2
#8 3.740 WARNING: Running pip as the 'root' user can result in broken permissions and conflicting behaviour with the system package manager. It is recommended to use a virtual environment instead: https://pip.pypa.io/warnings/venv
#8 4.506 Collecting fastapi (from -r requirements.txt (line 1))
#8 4.550   Downloading fastapi-0.116.1-py3-none-any.whl.metadata (28 kB)
#8 4.581 Collecting python-dotenv (from -r requirements.txt (line 3))
#8 4.591   Downloading python_dotenv-1.1.1-py3-none-any.whl.metadata (24 kB)
#8 4.737 Collecting pandas (from -r requirements.txt (line 4))
#8 4.750   Downloading pandas-2.3.1-cp311-cp311-manylinux_2_17_x86_64.manylinux2014_x86_64.whl.metadata (91 kB)
#8 4.877 Collecting pydantic (from -r requirements.txt (line 5))
#8 4.890   Downloading pydantic-2.11.7-py3-none-any.whl.metadata (67 kB)
#8 4.961 Collecting langchain (from -r requirements.txt (line 6))
#8 4.974   Downloading langchain-0.3.27-py3-none-any.whl.metadata (7.8 kB)
#8 5.007 Collecting langchain-openai (from -r requirements.txt (line 7))
#8 5.020   Downloading langchain_openai-0.3.30-py3-none-any.whl.metadata (2.4 kB)
#8 5.053 Collecting langchain-community (from -r requirements.txt (line 8))
#8 5.065   Downloading langchain_community-0.3.27-py3-none-any.whl.metadata (2.9 kB)
#8 5.099 Collecting chromadb (from -r requirements.txt (line 9))
#8 5.110   Downloading chromadb-1.0.20-cp39-abi3-manylinux_2_17_x86_64.manylinux2014_x86_64.whl.metadata (7.3 kB)
#8 5.150 Collecting faiss-cpu (from -r requirements.txt (line 10))
#8 5.161   Downloading faiss_cpu-1.12.0-cp311-cp311-manylinux_2_27_x86_64.manylinux_2_28_x86_64.whl.metadata (5.1 kB)
#8 5.201 Collecting huggingface-hub (from -r requirements.txt (line 11))
#8 5.215   Downloading huggingface_hub-0.34.4-py3-none-any.whl.metadata (14 kB)
#8 5.276 Collecting transformers (from -r requirements.txt (line 12))
#8 5.289   Downloading transformers-4.55.2-py3-none-any.whl.metadata (41 kB)
#8 5.436 Collecting sentence-transformers (from -r requirements.txt (line 13))
#8 5.450   Downloading sentence_transformers-5.1.0-py3-none-any.whl.metadata (16 kB)
#8 5.772 Collecting regex (from -r requirements.txt (line 14))
#8 5.786   Downloading regex-2025.7.34-cp311-cp311-manylinux2014_x86_64.manylinux_2_17_x86_64.manylinux_2_28_x86_64.whl.metadata (40 kB)
#8 5.817 Collecting uvicorn[standard] (from -r requirements.txt (line 2))
#8 5.830   Downloading uvicorn-0.35.0-py3-none-any.whl.metadata (6.5 kB)
#8 5.868 Collecting starlette<0.48.0,>=0.40.0 (from fastapi->-r requirements.txt (line 1))
#8 5.882   Downloading starlette-0.47.2-py3-none-any.whl.metadata (6.2 kB)
#8 5.935 Collecting typing-extensions>=4.8.0 (from fastapi->-r requirements.txt (line 1))
#8 5.952   Downloading typing_extensions-4.14.1-py3-none-any.whl.metadata (3.0 kB)
#8 5.970 Collecting annotated-types>=0.6.0 (from pydantic->-r requirements.txt (line 5))
#8 5.983   Downloading annotated_types-0.7.0-py3-none-any.whl.metadata (15 kB)
#8 6.765 Collecting pydantic-core==2.33.2 (from pydantic->-r requirements.txt (line 5))
#8 6.780   Downloading pydantic_core-2.33.2-cp311-cp311-manylinux_2_17_x86_64.manylinux2014_x86_64.whl.metadata (6.8 kB)
#8 6.802 Collecting typing-inspection>=0.4.0 (from pydantic->-r requirements.txt (line 5))
#8 6.814   Downloading typing_inspection-0.4.1-py3-none-any.whl.metadata (2.6 kB)
#8 6.843 Collecting anyio<5,>=3.6.2 (from starlette<0.48.0,>=0.40.0->fastapi->-r requirements.txt (line 1))
#8 6.855   Downloading anyio-4.10.0-py3-none-any.whl.metadata (4.0 kB)
#8 6.882 Collecting idna>=2.8 (from anyio<5,>=3.6.2->starlette<0.48.0,>=0.40.0->fastapi->-r requirements.txt (line 1))
#8 6.895   Downloading idna-3.10-py3-none-any.whl.metadata (10 kB)
#8 6.916 Collecting sniffio>=1.1 (from anyio<5,>=3.6.2->starlette<0.48.0,>=0.40.0->fastapi->-r requirements.txt (line 1))
#8 6.929   Downloading sniffio-1.3.1-py3-none-any.whl.metadata (3.9 kB)
#8 6.955 Collecting click>=7.0 (from uvicorn[standard]->-r requirements.txt (line 2))
#8 6.966   Downloading click-8.2.1-py3-none-any.whl.metadata (2.5 kB)
#8 6.983 Collecting h11>=0.8 (from uvicorn[standard]->-r requirements.txt (line 2))
#8 6.996   Downloading h11-0.16.0-py3-none-any.whl.metadata (8.3 kB)
#8 7.027 Collecting httptools>=0.6.3 (from uvicorn[standard]->-r requirements.txt (line 2))
#8 7.039   Downloading httptools-0.6.4-cp311-cp311-manylinux_2_5_x86_64.manylinux1_x86_64.manylinux_2_17_x86_64.manylinux2014_x86_64.whl.metadata (3.6 kB)
#8 7.086 Collecting pyyaml>=5.1 (from uvicorn[standard]->-r requirements.txt (line 2))
#8 7.099   Downloading PyYAML-6.0.2-cp311-cp311-manylinux_2_17_x86_64.manylinux2014_x86_64.whl.metadata (2.1 kB)
#8 7.147 Collecting uvloop>=0.15.1 (from uvicorn[standard]->-r requirements.txt (line 2))
#8 7.166   Downloading uvloop-0.21.0-cp311-cp311-manylinux_2_17_x86_64.manylinux2014_x86_64.whl.metadata (4.9 kB)
#8 7.234 Collecting watchfiles>=0.13 (from uvicorn[standard]->-r requirements.txt (line 2))
#8 7.246   Downloading watchfiles-1.1.0-cp311-cp311-manylinux_2_17_x86_64.manylinux2014_x86_64.whl.metadata (4.9 kB)
#8 7.325 Collecting websockets>=10.4 (from uvicorn[standard]->-r requirements.txt (line 2))
#8 7.352   Downloading websockets-15.0.1-cp311-cp311-manylinux_2_5_x86_64.manylinux1_x86_64.manylinux_2_17_x86_64.manylinux2014_x86_64.whl.metadata (6.8 kB)
#8 7.553 Collecting numpy>=1.23.2 (from pandas->-r requirements.txt (line 4))
#8 7.566   Downloading numpy-2.3.2-cp311-cp311-manylinux_2_27_x86_64.manylinux_2_28_x86_64.whl.metadata (62 kB)
#8 7.592 Collecting python-dateutil>=2.8.2 (from pandas->-r requirements.txt (line 4))
#8 7.606   Downloading python_dateutil-2.9.0.post0-py2.py3-none-any.whl.metadata (8.4 kB)
#8 7.643 Collecting pytz>=2020.1 (from pandas->-r requirements.txt (line 4))
#8 7.656   Downloading pytz-2025.2-py2.py3-none-any.whl.metadata (22 kB)
#8 7.676 Collecting tzdata>=2022.7 (from pandas->-r requirements.txt (line 4))
#8 7.687   Downloading tzdata-2025.2-py2.py3-none-any.whl.metadata (1.4 kB)
#8 7.732 Collecting langchain-core<1.0.0,>=0.3.72 (from langchain->-r requirements.txt (line 6))
#8 7.744   Downloading langchain_core-0.3.74-py3-none-any.whl.metadata (5.8 kB)
#8 7.763 Collecting langchain-text-splitters<1.0.0,>=0.3.9 (from langchain->-r requirements.txt (line 6))
#8 7.775   Downloading langchain_text_splitters-0.3.9-py3-none-any.whl.metadata (1.9 kB)
#8 7.836 Collecting langsmith>=0.1.17 (from langchain->-r requirements.txt (line 6))
#8 7.848   Downloading langsmith-0.4.14-py3-none-any.whl.metadata (14 kB)
#8 8.158 Collecting SQLAlchemy<3,>=1.4 (from langchain->-r requirements.txt (line 6))
#8 8.170   Downloading sqlalchemy-2.0.43-cp311-cp311-manylinux_2_17_x86_64.manylinux2014_x86_64.whl.metadata (9.6 kB)
#8 8.208 Collecting requests<3,>=2 (from langchain->-r requirements.txt (line 6))
#8 8.220   Downloading requests-2.32.5-py3-none-any.whl.metadata (4.9 kB)
#8 8.258 Collecting tenacity!=8.4.0,<10.0.0,>=8.1.0 (from langchain-core<1.0.0,>=0.3.72->langchain->-r requirements.txt (line 6))
#8 8.270   Downloading tenacity-9.1.2-py3-none-any.whl.metadata (1.2 kB)
#8 8.291 Collecting jsonpatch<2.0,>=1.33 (from langchain-core<1.0.0,>=0.3.72->langchain->-r requirements.txt (line 6))
#8 8.302   Downloading jsonpatch-1.33-py2.py3-none-any.whl.metadata (3.0 kB)
#8 8.326 Collecting packaging>=23.2 (from langchain-core<1.0.0,>=0.3.72->langchain->-r requirements.txt (line 6))
#8 8.339   Downloading packaging-25.0-py3-none-any.whl.metadata (3.3 kB)
#8 8.359 Collecting jsonpointer>=1.9 (from jsonpatch<2.0,>=1.33->langchain-core<1.0.0,>=0.3.72->langchain->-r requirements.txt (line 6))
#8 8.371   Downloading jsonpointer-3.0.0-py2.py3-none-any.whl.metadata (2.3 kB)
#8 8.439 Collecting charset_normalizer<4,>=2 (from requests<3,>=2->langchain->-r requirements.txt (line 6))
#8 8.452   Downloading charset_normalizer-3.4.3-cp311-cp311-manylinux2014_x86_64.manylinux_2_17_x86_64.manylinux_2_28_x86_64.whl.metadata (36 kB)
#8 8.489 Collecting urllib3<3,>=1.21.1 (from requests<3,>=2->langchain->-r requirements.txt (line 6))
#8 8.501   Downloading urllib3-2.5.0-py3-none-any.whl.metadata (6.5 kB)
#8 8.526 Collecting certifi>=2017.4.17 (from requests<3,>=2->langchain->-r requirements.txt (line 6))
#8 8.539   Downloading certifi-2025.8.3-py3-none-any.whl.metadata (2.4 kB)
#8 8.651 Collecting greenlet>=1 (from SQLAlchemy<3,>=1.4->langchain->-r requirements.txt (line 6))
#8 8.662   Downloading greenlet-3.2.4-cp311-cp311-manylinux_2_24_x86_64.manylinux_2_28_x86_64.whl.metadata (4.1 kB)
#8 8.726 Collecting openai<2.0.0,>=1.99.9 (from langchain-openai->-r requirements.txt (line 7))
#8 8.737   Downloading openai-1.100.1-py3-none-any.whl.metadata (29 kB)
#8 8.775 Collecting tiktoken<1,>=0.7 (from langchain-openai->-r requirements.txt (line 7))
#8 8.786   Downloading tiktoken-0.11.0-cp311-cp311-manylinux_2_17_x86_64.manylinux2014_x86_64.whl.metadata (6.7 kB)
#8 8.808 Collecting distro<2,>=1.7.0 (from openai<2.0.0,>=1.99.9->langchain-openai->-r requirements.txt (line 7))
#8 8.819   Downloading distro-1.9.0-py3-none-any.whl.metadata (6.8 kB)
#8 8.844 Collecting httpx<1,>=0.23.0 (from openai<2.0.0,>=1.99.9->langchain-openai->-r requirements.txt (line 7))
#8 8.856   Downloading httpx-0.28.1-py3-none-any.whl.metadata (7.1 kB)
#8 8.917 Collecting jiter<1,>=0.4.0 (from openai<2.0.0,>=1.99.9->langchain-openai->-r requirements.txt (line 7))
#8 8.930   Downloading jiter-0.10.0-cp311-cp311-manylinux_2_17_x86_64.manylinux2014_x86_64.whl.metadata (5.2 kB)
#8 8.979 Collecting tqdm>4 (from openai<2.0.0,>=1.99.9->langchain-openai->-r requirements.txt (line 7))
#8 8.991   Downloading tqdm-4.67.1-py3-none-any.whl.metadata (57 kB)
#8 9.025 Collecting httpcore==1.* (from httpx<1,>=0.23.0->openai<2.0.0,>=1.99.9->langchain-openai->-r requirements.txt (line 7))
#8 9.037   Downloading httpcore-1.0.9-py3-none-any.whl.metadata (21 kB)
#8 9.603 Collecting aiohttp<4.0.0,>=3.8.3 (from langchain-community->-r requirements.txt (line 8))
#8 9.614   Downloading aiohttp-3.12.15-cp311-cp311-manylinux_2_17_x86_64.manylinux2014_x86_64.whl.metadata (7.7 kB)
#8 9.639 Collecting dataclasses-json<0.7,>=0.5.7 (from langchain-community->-r requirements.txt (line 8))
#8 9.650   Downloading dataclasses_json-0.6.7-py3-none-any.whl.metadata (25 kB)
#8 9.672 Collecting pydantic-settings<3.0.0,>=2.4.0 (from langchain-community->-r requirements.txt (line 8))
#8 9.685   Downloading pydantic_settings-2.10.1-py3-none-any.whl.metadata (3.4 kB)
#8 9.714 Collecting httpx-sse<1.0.0,>=0.4.0 (from langchain-community->-r requirements.txt (line 8))
#8 9.726   Downloading httpx_sse-0.4.1-py3-none-any.whl.metadata (9.4 kB)
#8 9.755 Collecting aiohappyeyeballs>=2.5.0 (from aiohttp<4.0.0,>=3.8.3->langchain-community->-r requirements.txt (line 8))
#8 9.768   Downloading aiohappyeyeballs-2.6.1-py3-none-any.whl.metadata (5.9 kB)
#8 9.788 Collecting aiosignal>=1.4.0 (from aiohttp<4.0.0,>=3.8.3->langchain-community->-r requirements.txt (line 8))
#8 9.799   Downloading aiosignal-1.4.0-py3-none-any.whl.metadata (3.7 kB)
#8 9.821 Collecting attrs>=17.3.0 (from aiohttp<4.0.0,>=3.8.3->langchain-community->-r requirements.txt (line 8))
#8 9.835   Downloading attrs-25.3.0-py3-none-any.whl.metadata (10 kB)
#8 9.895 Collecting frozenlist>=1.1.1 (from aiohttp<4.0.0,>=3.8.3->langchain-community->-r requirements.txt (line 8))
#8 9.908   Downloading frozenlist-1.7.0-cp311-cp311-manylinux_2_5_x86_64.manylinux1_x86_64.manylinux_2_17_x86_64.manylinux2014_x86_64.whl.metadata (18 kB)
#8 10.09 Collecting multidict<7.0,>=4.5 (from aiohttp<4.0.0,>=3.8.3->langchain-community->-r requirements.txt (line 8))
#8 10.11   Downloading multidict-6.6.4-cp311-cp311-manylinux2014_x86_64.manylinux_2_17_x86_64.manylinux_2_28_x86_64.whl.metadata (5.3 kB)
#8 10.16 Collecting propcache>=0.2.0 (from aiohttp<4.0.0,>=3.8.3->langchain-community->-r requirements.txt (line 8))
#8 10.17   Downloading propcache-0.3.2-cp311-cp311-manylinux_2_17_x86_64.manylinux2014_x86_64.whl.metadata (12 kB)
#8 10.46 Collecting yarl<2.0,>=1.17.0 (from aiohttp<4.0.0,>=3.8.3->langchain-community->-r requirements.txt (line 8))
#8 10.48   Downloading yarl-1.20.1-cp311-cp311-manylinux_2_17_x86_64.manylinux2014_x86_64.whl.metadata (73 kB)
#8 10.52 Collecting marshmallow<4.0.0,>=3.18.0 (from dataclasses-json<0.7,>=0.5.7->langchain-community->-r requirements.txt (line 8))
#8 10.54   Downloading marshmallow-3.26.1-py3-none-any.whl.metadata (7.3 kB)
#8 10.55 Collecting typing-inspect<1,>=0.4.0 (from dataclasses-json<0.7,>=0.5.7->langchain-community->-r requirements.txt (line 8))
#8 10.57   Downloading typing_inspect-0.9.0-py3-none-any.whl.metadata (1.5 kB)
#8 10.60 Collecting mypy-extensions>=0.3.0 (from typing-inspect<1,>=0.4.0->dataclasses-json<0.7,>=0.5.7->langchain-community->-r requirements.txt (line 8))
#8 10.62   Downloading mypy_extensions-1.1.0-py3-none-any.whl.metadata (1.1 kB)
#8 10.66 Collecting build>=1.0.3 (from chromadb->-r requirements.txt (line 9))
#8 10.67   Downloading build-1.3.0-py3-none-any.whl.metadata (5.6 kB)
#8 10.75 Collecting pybase64>=1.4.1 (from chromadb->-r requirements.txt (line 9))
#8 10.76   Downloading pybase64-1.4.2-cp311-cp311-manylinux1_x86_64.manylinux2014_x86_64.manylinux_2_17_x86_64.manylinux_2_5_x86_64.whl.metadata (8.7 kB)
#8 10.80 Collecting posthog<6.0.0,>=2.4.0 (from chromadb->-r requirements.txt (line 9))
#8 10.81   Downloading posthog-5.4.0-py3-none-any.whl.metadata (5.7 kB)
#8 10.87 Collecting onnxruntime>=1.14.1 (from chromadb->-r requirements.txt (line 9))
#8 10.88   Downloading onnxruntime-1.22.1-cp311-cp311-manylinux_2_27_x86_64.manylinux_2_28_x86_64.whl.metadata (4.6 kB)
#8 10.91 Collecting opentelemetry-api>=1.2.0 (from chromadb->-r requirements.txt (line 9))
#8 10.92   Downloading opentelemetry_api-1.36.0-py3-none-any.whl.metadata (1.5 kB)
#8 10.94 Collecting opentelemetry-exporter-otlp-proto-grpc>=1.2.0 (from chromadb->-r requirements.txt (line 9))
#8 10.96   Downloading opentelemetry_exporter_otlp_proto_grpc-1.36.0-py3-none-any.whl.metadata (2.4 kB)
#8 10.99 Collecting opentelemetry-sdk>=1.2.0 (from chromadb->-r requirements.txt (line 9))
#8 11.00   Downloading opentelemetry_sdk-1.36.0-py3-none-any.whl.metadata (1.5 kB)
#8 11.14 Collecting tokenizers>=0.13.2 (from chromadb->-r requirements.txt (line 9))
#8 11.16   Downloading tokenizers-0.21.4-cp39-abi3-manylinux_2_17_x86_64.manylinux2014_x86_64.whl.metadata (6.7 kB)
#8 11.19 Collecting pypika>=0.48.9 (from chromadb->-r requirements.txt (line 9))
#8 11.21   Downloading PyPika-0.48.9.tar.gz (67 kB)
#8 11.24   Installing build dependencies: started
#8 12.27   Installing build dependencies: finished with status 'done'
#8 12.27   Getting requirements to build wheel: started
#8 12.58   Getting requirements to build wheel: finished with status 'done'
#8 12.59   Preparing metadata (pyproject.toml): started
#8 12.76   Preparing metadata (pyproject.toml): finished with status 'done'
#8 12.79 Collecting overrides>=7.3.1 (from chromadb->-r requirements.txt (line 9))
#8 12.80   Downloading overrides-7.7.0-py3-none-any.whl.metadata (5.8 kB)
#8 12.82 Collecting importlib-resources (from chromadb->-r requirements.txt (line 9))
#8 12.83   Downloading importlib_resources-6.5.2-py3-none-any.whl.metadata (3.9 kB)
#8 13.33 Collecting grpcio>=1.58.0 (from chromadb->-r requirements.txt (line 9))
#8 13.34   Downloading grpcio-1.74.0-cp311-cp311-manylinux_2_17_x86_64.manylinux2014_x86_64.whl.metadata (3.8 kB)
#8 13.38 Collecting bcrypt>=4.0.1 (from chromadb->-r requirements.txt (line 9))
#8 13.39   Downloading bcrypt-4.3.0-cp39-abi3-manylinux_2_34_x86_64.whl.metadata (10 kB)
#8 13.41 Collecting typer>=0.9.0 (from chromadb->-r requirements.txt (line 9))
#8 13.42   Downloading typer-0.16.1-py3-none-any.whl.metadata (15 kB)
#8 13.45 Collecting kubernetes>=28.1.0 (from chromadb->-r requirements.txt (line 9))
#8 13.46   Downloading kubernetes-33.1.0-py2.py3-none-any.whl.metadata (1.7 kB)
#8 13.51 Collecting mmh3>=4.0.1 (from chromadb->-r requirements.txt (line 9))
#8 13.52   Downloading mmh3-5.2.0-cp311-cp311-manylinux1_x86_64.manylinux_2_28_x86_64.manylinux_2_5_x86_64.whl.metadata (14 kB)
#8 13.71 Collecting orjson>=3.9.12 (from chromadb->-r requirements.txt (line 9))
#8 13.72   Downloading orjson-3.11.2-cp311-cp311-manylinux_2_17_x86_64.manylinux2014_x86_64.whl.metadata (1.2 kB)
#8 13.77 Collecting rich>=10.11.0 (from chromadb->-r requirements.txt (line 9))
#8 13.78   Downloading rich-14.1.0-py3-none-any.whl.metadata (18 kB)
#8 13.81 Collecting jsonschema>=4.19.0 (from chromadb->-r requirements.txt (line 9))
#8 13.82   Downloading jsonschema-4.25.1-py3-none-any.whl.metadata (7.6 kB)
#8 13.85 Collecting six>=1.5 (from posthog<6.0.0,>=2.4.0->chromadb->-r requirements.txt (line 9))
#8 13.86   Downloading six-1.17.0-py2.py3-none-any.whl.metadata (1.7 kB)
#8 13.88 Collecting backoff>=1.10.0 (from posthog<6.0.0,>=2.4.0->chromadb->-r requirements.txt (line 9))
#8 13.89   Downloading backoff-2.2.1-py3-none-any.whl.metadata (14 kB)
#8 13.93 Collecting filelock (from huggingface-hub->-r requirements.txt (line 11))
#8 13.94   Downloading filelock-3.19.1-py3-none-any.whl.metadata (2.1 kB)
#8 13.97 Collecting fsspec>=2023.5.0 (from huggingface-hub->-r requirements.txt (line 11))
#8 13.98   Downloading fsspec-2025.7.0-py3-none-any.whl.metadata (12 kB)
#8 14.05 Collecting hf-xet<2.0.0,>=1.1.3 (from huggingface-hub->-r requirements.txt (line 11))
#8 14.06   Downloading hf_xet-1.1.8-cp37-abi3-manylinux_2_17_x86_64.manylinux2014_x86_64.whl.metadata (703 bytes)
#8 14.19 Collecting safetensors>=0.4.3 (from transformers->-r requirements.txt (line 12))
#8 14.21   Downloading safetensors-0.6.2-cp38-abi3-manylinux_2_17_x86_64.manylinux2014_x86_64.whl.metadata (4.1 kB)
#8 14.30 Collecting torch>=1.11.0 (from sentence-transformers->-r requirements.txt (line 13))
#8 14.31   Downloading torch-2.8.0-cp311-cp311-manylinux_2_28_x86_64.whl.metadata (30 kB)
#8 14.38 Collecting scikit-learn (from sentence-transformers->-r requirements.txt (line 13))
#8 14.40   Downloading scikit_learn-1.7.1-cp311-cp311-manylinux2014_x86_64.manylinux_2_17_x86_64.whl.metadata (11 kB)
#8 14.50 Collecting scipy (from sentence-transformers->-r requirements.txt (line 13))
#8 14.51   Downloading scipy-1.16.1-cp311-cp311-manylinux2014_x86_64.manylinux_2_17_x86_64.whl.metadata (61 kB)
#8 14.80 Collecting Pillow (from sentence-transformers->-r requirements.txt (line 13))
#8 14.81   Downloading pillow-11.3.0-cp311-cp311-manylinux_2_27_x86_64.manylinux_2_28_x86_64.whl.metadata (9.0 kB)
#8 14.86 Collecting pyproject_hooks (from build>=1.0.3->chromadb->-r requirements.txt (line 9))
#8 14.87   Downloading pyproject_hooks-1.2.0-py3-none-any.whl.metadata (1.3 kB)
#8 14.91 Collecting jsonschema-specifications>=2023.03.6 (from jsonschema>=4.19.0->chromadb->-r requirements.txt (line 9))
#8 14.93   Downloading jsonschema_specifications-2025.4.1-py3-none-any.whl.metadata (2.9 kB)
#8 14.95 Collecting referencing>=0.28.4 (from jsonschema>=4.19.0->chromadb->-r requirements.txt (line 9))
#8 14.96   Downloading referencing-0.36.2-py3-none-any.whl.metadata (2.8 kB)
#8 15.18 Collecting rpds-py>=0.7.1 (from jsonschema>=4.19.0->chromadb->-r requirements.txt (line 9))
#8 15.20   Downloading rpds_py-0.27.0-cp311-cp311-manylinux_2_17_x86_64.manylinux2014_x86_64.whl.metadata (4.2 kB)
#8 15.26 Collecting google-auth>=1.0.1 (from kubernetes>=28.1.0->chromadb->-r requirements.txt (line 9))
#8 15.28   Downloading google_auth-2.40.3-py2.py3-none-any.whl.metadata (6.2 kB)
#8 15.31 Collecting websocket-client!=0.40.0,!=0.41.*,!=0.42.*,>=0.32.0 (from kubernetes>=28.1.0->chromadb->-r requirements.txt (line 9))
#8 15.33   Downloading websocket_client-1.8.0-py3-none-any.whl.metadata (8.0 kB)
#8 15.35 Collecting requests-oauthlib (from kubernetes>=28.1.0->chromadb->-r requirements.txt (line 9))
#8 15.36   Downloading requests_oauthlib-2.0.0-py2.py3-none-any.whl.metadata (11 kB)
#8 15.38 Collecting oauthlib>=3.2.2 (from kubernetes>=28.1.0->chromadb->-r requirements.txt (line 9))
#8 15.39   Downloading oauthlib-3.3.1-py3-none-any.whl.metadata (7.9 kB)
#8 15.42 Collecting durationpy>=0.7 (from kubernetes>=28.1.0->chromadb->-r requirements.txt (line 9))
#8 15.43   Downloading durationpy-0.10-py3-none-any.whl.metadata (340 bytes)
#8 15.45 Collecting cachetools<6.0,>=2.0.0 (from google-auth>=1.0.1->kubernetes>=28.1.0->chromadb->-r requirements.txt (line 9))
#8 15.47   Downloading cachetools-5.5.2-py3-none-any.whl.metadata (5.4 kB)
#8 15.49 Collecting pyasn1-modules>=0.2.1 (from google-auth>=1.0.1->kubernetes>=28.1.0->chromadb->-r requirements.txt (line 9))
#8 15.50   Downloading pyasn1_modules-0.4.2-py3-none-any.whl.metadata (3.5 kB)
#8 15.52 Collecting rsa<5,>=3.1.4 (from google-auth>=1.0.1->kubernetes>=28.1.0->chromadb->-r requirements.txt (line 9))
#8 15.53   Downloading rsa-4.9.1-py3-none-any.whl.metadata (5.6 kB)
#8 15.56 Collecting pyasn1>=0.1.3 (from rsa<5,>=3.1.4->google-auth>=1.0.1->kubernetes>=28.1.0->chromadb->-r requirements.txt (line 9))
#8 15.57   Downloading pyasn1-0.6.1-py3-none-any.whl.metadata (8.4 kB)
#8 15.61 Collecting requests-toolbelt>=1.0.0 (from langsmith>=0.1.17->langchain->-r requirements.txt (line 6))
#8 15.62   Downloading requests_toolbelt-1.0.0-py2.py3-none-any.whl.metadata (14 kB)
#8 15.68 Collecting zstandard>=0.23.0 (from langsmith>=0.1.17->langchain->-r requirements.txt (line 6))
#8 15.70   Downloading zstandard-0.24.0-cp311-cp311-manylinux2014_x86_64.manylinux_2_17_x86_64.whl.metadata (3.1 kB)
#8 15.73 Collecting coloredlogs (from onnxruntime>=1.14.1->chromadb->-r requirements.txt (line 9))
#8 15.74   Downloading coloredlogs-15.0.1-py2.py3-none-any.whl.metadata (12 kB)
#8 15.76 Collecting flatbuffers (from onnxruntime>=1.14.1->chromadb->-r requirements.txt (line 9))
#8 15.77   Downloading flatbuffers-25.2.10-py2.py3-none-any.whl.metadata (875 bytes)
#8 15.93 Collecting protobuf (from onnxruntime>=1.14.1->chromadb->-r requirements.txt (line 9))
#8 15.94   Downloading protobuf-6.32.0-cp39-abi3-manylinux2014_x86_64.whl.metadata (593 bytes)
#8 15.97 Collecting sympy (from onnxruntime>=1.14.1->chromadb->-r requirements.txt (line 9))
#8 15.98   Downloading sympy-1.14.0-py3-none-any.whl.metadata (12 kB)
#8 16.02 Collecting importlib-metadata<8.8.0,>=6.0 (from opentelemetry-api>=1.2.0->chromadb->-r requirements.txt (line 9))
#8 16.04   Downloading importlib_metadata-8.7.0-py3-none-any.whl.metadata (4.8 kB)
#8 16.07 Collecting zipp>=3.20 (from importlib-metadata<8.8.0,>=6.0->opentelemetry-api>=1.2.0->chromadb->-r requirements.txt (line 9))
#8 16.08   Downloading zipp-3.23.0-py3-none-any.whl.metadata (3.6 kB)
#8 16.11 Collecting googleapis-common-protos~=1.57 (from opentelemetry-exporter-otlp-proto-grpc>=1.2.0->chromadb->-r requirements.txt (line 9))
#8 16.12   Downloading googleapis_common_protos-1.70.0-py3-none-any.whl.metadata (9.3 kB)
#8 16.16 Collecting opentelemetry-exporter-otlp-proto-common==1.36.0 (from opentelemetry-exporter-otlp-proto-grpc>=1.2.0->chromadb->-r requirements.txt (line 9))
#8 16.17   Downloading opentelemetry_exporter_otlp_proto_common-1.36.0-py3-none-any.whl.metadata (1.8 kB)
#8 16.20 Collecting opentelemetry-proto==1.36.0 (from opentelemetry-exporter-otlp-proto-grpc>=1.2.0->chromadb->-r requirements.txt (line 9))
#8 16.21   Downloading opentelemetry_proto-1.36.0-py3-none-any.whl.metadata (2.3 kB)
#8 16.29 Collecting opentelemetry-semantic-conventions==0.57b0 (from opentelemetry-sdk>=1.2.0->chromadb->-r requirements.txt (line 9))
#8 16.30   Downloading opentelemetry_semantic_conventions-0.57b0-py3-none-any.whl.metadata (2.4 kB)
#8 16.39 Collecting markdown-it-py>=2.2.0 (from rich>=10.11.0->chromadb->-r requirements.txt (line 9))
#8 16.40   Downloading markdown_it_py-4.0.0-py3-none-any.whl.metadata (7.3 kB)
#8 16.43 Collecting pygments<3.0.0,>=2.13.0 (from rich>=10.11.0->chromadb->-r requirements.txt (line 9))
#8 16.44   Downloading pygments-2.19.2-py3-none-any.whl.metadata (2.5 kB)
#8 16.47 Collecting mdurl~=0.1 (from markdown-it-py>=2.2.0->rich>=10.11.0->chromadb->-r requirements.txt (line 9))
#8 16.48   Downloading mdurl-0.1.2-py3-none-any.whl.metadata (1.6 kB)
#8 16.52 Collecting networkx (from torch>=1.11.0->sentence-transformers->-r requirements.txt (line 13))
#8 16.54   Downloading networkx-3.5-py3-none-any.whl.metadata (6.3 kB)
#8 16.56 Collecting jinja2 (from torch>=1.11.0->sentence-transformers->-r requirements.txt (line 13))
#8 16.57   Downloading jinja2-3.1.6-py3-none-any.whl.metadata (2.9 kB)
#8 16.59 Collecting nvidia-cuda-nvrtc-cu12==12.8.93 (from torch>=1.11.0->sentence-transformers->-r requirements.txt (line 13))
#8 16.60   Downloading nvidia_cuda_nvrtc_cu12-12.8.93-py3-none-manylinux2010_x86_64.manylinux_2_12_x86_64.whl.metadata (1.7 kB)
#8 16.62 Collecting nvidia-cuda-runtime-cu12==12.8.90 (from torch>=1.11.0->sentence-transformers->-r requirements.txt (line 13))
#8 16.63   Downloading nvidia_cuda_runtime_cu12-12.8.90-py3-none-manylinux2014_x86_64.manylinux_2_17_x86_64.whl.metadata (1.7 kB)
#8 16.65 Collecting nvidia-cuda-cupti-cu12==12.8.90 (from torch>=1.11.0->sentence-transformers->-r requirements.txt (line 13))
#8 16.67   Downloading nvidia_cuda_cupti_cu12-12.8.90-py3-none-manylinux2014_x86_64.manylinux_2_17_x86_64.whl.metadata (1.7 kB)
#8 16.69 Collecting nvidia-cudnn-cu12==9.10.2.21 (from torch>=1.11.0->sentence-transformers->-r requirements.txt (line 13))
#8 16.70   Downloading nvidia_cudnn_cu12-9.10.2.21-py3-none-manylinux_2_27_x86_64.whl.metadata (1.8 kB)
#8 16.72 Collecting nvidia-cublas-cu12==12.8.4.1 (from torch>=1.11.0->sentence-transformers->-r requirements.txt (line 13))
#8 16.73   Downloading nvidia_cublas_cu12-12.8.4.1-py3-none-manylinux_2_27_x86_64.whl.metadata (1.7 kB)
#8 16.75 Collecting nvidia-cufft-cu12==11.3.3.83 (from torch>=1.11.0->sentence-transformers->-r requirements.txt (line 13))
#8 16.76   Downloading nvidia_cufft_cu12-11.3.3.83-py3-none-manylinux2014_x86_64.manylinux_2_17_x86_64.whl.metadata (1.7 kB)
#8 16.78 Collecting nvidia-curand-cu12==10.3.9.90 (from torch>=1.11.0->sentence-transformers->-r requirements.txt (line 13))
#8 16.79   Downloading nvidia_curand_cu12-10.3.9.90-py3-none-manylinux_2_27_x86_64.whl.metadata (1.7 kB)
#8 16.81 Collecting nvidia-cusolver-cu12==11.7.3.90 (from torch>=1.11.0->sentence-transformers->-r requirements.txt (line 13))
#8 16.82   Downloading nvidia_cusolver_cu12-11.7.3.90-py3-none-manylinux_2_27_x86_64.whl.metadata (1.8 kB)
#8 16.84 Collecting nvidia-cusparse-cu12==12.5.8.93 (from torch>=1.11.0->sentence-transformers->-r requirements.txt (line 13))
#8 16.85   Downloading nvidia_cusparse_cu12-12.5.8.93-py3-none-manylinux2014_x86_64.manylinux_2_17_x86_64.whl.metadata (1.8 kB)
#8 16.87 Collecting nvidia-cusparselt-cu12==0.7.1 (from torch>=1.11.0->sentence-transformers->-r requirements.txt (line 13))
#8 16.88   Downloading nvidia_cusparselt_cu12-0.7.1-py3-none-manylinux2014_x86_64.whl.metadata (7.0 kB)
#8 16.90 Collecting nvidia-nccl-cu12==2.27.3 (from torch>=1.11.0->sentence-transformers->-r requirements.txt (line 13))
#8 16.91   Downloading nvidia_nccl_cu12-2.27.3-py3-none-manylinux2014_x86_64.manylinux_2_17_x86_64.whl.metadata (2.0 kB)
#8 16.93 Collecting nvidia-nvtx-cu12==12.8.90 (from torch>=1.11.0->sentence-transformers->-r requirements.txt (line 13))
#8 16.94   Downloading nvidia_nvtx_cu12-12.8.90-py3-none-manylinux2014_x86_64.manylinux_2_17_x86_64.whl.metadata (1.8 kB)
#8 16.96 Collecting nvidia-nvjitlink-cu12==12.8.93 (from torch>=1.11.0->sentence-transformers->-r requirements.txt (line 13))
#8 16.97   Downloading nvidia_nvjitlink_cu12-12.8.93-py3-none-manylinux2010_x86_64.manylinux_2_12_x86_64.whl.metadata (1.7 kB)
#8 16.99 Collecting nvidia-cufile-cu12==1.13.1.3 (from torch>=1.11.0->sentence-transformers->-r requirements.txt (line 13))
#8 17.00   Downloading nvidia_cufile_cu12-1.13.1.3-py3-none-manylinux2014_x86_64.manylinux_2_17_x86_64.whl.metadata (1.7 kB)
#8 17.02 Collecting triton==3.4.0 (from torch>=1.11.0->sentence-transformers->-r requirements.txt (line 13))
#8 17.03   Downloading triton-3.4.0-cp311-cp311-manylinux_2_27_x86_64.manylinux_2_28_x86_64.whl.metadata (1.7 kB)
#8 17.07 Requirement already satisfied: setuptools>=40.8.0 in /usr/local/lib/python3.11/site-packages (from triton==3.4.0->torch>=1.11.0->sentence-transformers->-r requirements.txt (line 13)) (65.5.1)
#8 17.09 Collecting mpmath<1.4,>=1.1.0 (from sympy->onnxruntime>=1.14.1->chromadb->-r requirements.txt (line 9))
#8 17.10   Downloading mpmath-1.3.0-py3-none-any.whl.metadata (8.6 kB)
#8 17.14 Collecting shellingham>=1.3.0 (from typer>=0.9.0->chromadb->-r requirements.txt (line 9))
#8 17.15   Downloading shellingham-1.5.4-py2.py3-none-any.whl.metadata (3.5 kB)
#8 17.22 Collecting humanfriendly>=9.1 (from coloredlogs->onnxruntime>=1.14.1->chromadb->-r requirements.txt (line 9))
#8 17.23   Downloading humanfriendly-10.0-py2.py3-none-any.whl.metadata (9.2 kB)
#8 17.30 Collecting MarkupSafe>=2.0 (from jinja2->torch>=1.11.0->sentence-transformers->-r requirements.txt (line 13))
#8 17.31   Downloading MarkupSafe-3.0.2-cp311-cp311-manylinux_2_17_x86_64.manylinux2014_x86_64.whl.metadata (4.0 kB)
#8 17.38 Collecting joblib>=1.2.0 (from scikit-learn->sentence-transformers->-r requirements.txt (line 13))
#8 17.39   Downloading joblib-1.5.1-py3-none-any.whl.metadata (5.6 kB)
#8 17.41 Collecting threadpoolctl>=3.1.0 (from scikit-learn->sentence-transformers->-r requirements.txt (line 13))
#8 17.42   Downloading threadpoolctl-3.6.0-py3-none-any.whl.metadata (13 kB)
#8 17.46 Downloading fastapi-0.116.1-py3-none-any.whl (95 kB)
#8 17.47 Downloading pydantic-2.11.7-py3-none-any.whl (444 kB)
#8 17.53 Downloading pydantic_core-2.33.2-cp311-cp311-manylinux_2_17_x86_64.manylinux2014_x86_64.whl (2.0 MB)
#8 17.60    ━━━━━━━━━━━━━━━━━━━━━━━━━━━━━━━━━━━━━━━━ 2.0/2.0 MB 26.4 MB/s  0:00:00
#8 17.61 Downloading starlette-0.47.2-py3-none-any.whl (72 kB)
#8 17.63 Downloading anyio-4.10.0-py3-none-any.whl (107 kB)
#8 17.64 Downloading uvicorn-0.35.0-py3-none-any.whl (66 kB)
#8 17.65 Downloading python_dotenv-1.1.1-py3-none-any.whl (20 kB)
#8 17.66 Downloading pandas-2.3.1-cp311-cp311-manylinux_2_17_x86_64.manylinux2014_x86_64.whl (12.4 MB)
#8 18.04    ━━━━━━━━━━━━━━━━━━━━━━━━━━━━━━━━━━━━━━━━ 12.4/12.4 MB 33.2 MB/s  0:00:00
#8 18.05 Downloading langchain-0.3.27-py3-none-any.whl (1.0 MB)
#8 18.08    ━━━━━━━━━━━━━━━━━━━━━━━━━━━━━━━━━━━━━━━━ 1.0/1.0 MB 37.7 MB/s  0:00:00
#8 18.09 Downloading langchain_core-0.3.74-py3-none-any.whl (443 kB)
#8 18.12 Downloading jsonpatch-1.33-py2.py3-none-any.whl (12 kB)
#8 18.13 Downloading langchain_text_splitters-0.3.9-py3-none-any.whl (33 kB)
#8 18.14 Downloading requests-2.32.5-py3-none-any.whl (64 kB)
#8 18.15 Downloading charset_normalizer-3.4.3-cp311-cp311-manylinux2014_x86_64.manylinux_2_17_x86_64.manylinux_2_28_x86_64.whl (150 kB)
#8 18.17 Downloading idna-3.10-py3-none-any.whl (70 kB)
#8 18.18 Downloading sqlalchemy-2.0.43-cp311-cp311-manylinux_2_17_x86_64.manylinux2014_x86_64.whl (3.3 MB)
#8 18.29    ━━━━━━━━━━━━━━━━━━━━━━━━━━━━━━━━━━━━━━━━ 3.3/3.3 MB 31.4 MB/s  0:00:00
#8 18.30 Downloading tenacity-9.1.2-py3-none-any.whl (28 kB)
#8 18.31 Downloading urllib3-2.5.0-py3-none-any.whl (129 kB)
#8 18.33 Downloading langchain_openai-0.3.30-py3-none-any.whl (74 kB)
#8 18.34 Downloading openai-1.100.1-py3-none-any.whl (788 kB)
#8 18.36    ━━━━━━━━━━━━━━━━━━━━━━━━━━━━━━━━━━━━━━━━ 788.3/788.3 kB 34.1 MB/s  0:00:00
#8 18.38 Downloading distro-1.9.0-py3-none-any.whl (20 kB)
#8 18.39 Downloading httpx-0.28.1-py3-none-any.whl (73 kB)
#8 18.41 Downloading httpcore-1.0.9-py3-none-any.whl (78 kB)
#8 18.43 Downloading jiter-0.10.0-cp311-cp311-manylinux_2_17_x86_64.manylinux2014_x86_64.whl (352 kB)
#8 18.45 Downloading tiktoken-0.11.0-cp311-cp311-manylinux_2_17_x86_64.manylinux2014_x86_64.whl (1.2 MB)
#8 18.48    ━━━━━━━━━━━━━━━━━━━━━━━━━━━━━━━━━━━━━━━━ 1.2/1.2 MB 39.0 MB/s  0:00:00
#8 18.49 Downloading typing_extensions-4.14.1-py3-none-any.whl (43 kB)
#8 18.50 Downloading langchain_community-0.3.27-py3-none-any.whl (2.5 MB)
#8 18.57    ━━━━━━━━━━━━━━━━━━━━━━━━━━━━━━━━━━━━━━━━ 2.5/2.5 MB 35.9 MB/s  0:00:00
#8 18.59 Downloading aiohttp-3.12.15-cp311-cp311-manylinux_2_17_x86_64.manylinux2014_x86_64.whl (1.7 MB)
#8 18.64    ━━━━━━━━━━━━━━━━━━━━━━━━━━━━━━━━━━━━━━━━ 1.7/1.7 MB 36.0 MB/s  0:00:00
#8 18.65 Downloading dataclasses_json-0.6.7-py3-none-any.whl (28 kB)
#8 18.66 Downloading httpx_sse-0.4.1-py3-none-any.whl (8.1 kB)
#8 18.67 Downloading marshmallow-3.26.1-py3-none-any.whl (50 kB)
#8 18.69 Downloading multidict-6.6.4-cp311-cp311-manylinux2014_x86_64.manylinux_2_17_x86_64.manylinux_2_28_x86_64.whl (246 kB)
#8 18.71 Downloading pydantic_settings-2.10.1-py3-none-any.whl (45 kB)
#8 18.73 Downloading typing_inspect-0.9.0-py3-none-any.whl (8.8 kB)
#8 18.74 Downloading yarl-1.20.1-cp311-cp311-manylinux_2_17_x86_64.manylinux2014_x86_64.whl (348 kB)
#8 18.76 Downloading chromadb-1.0.20-cp39-abi3-manylinux_2_17_x86_64.manylinux2014_x86_64.whl (19.8 MB)
#8 19.59    ━━━━━━━━━━━━━━━━━━━━━━━━━━━━━━━━━━━━━━━━ 19.8/19.8 MB 23.7 MB/s  0:00:00
#8 19.60 Downloading posthog-5.4.0-py3-none-any.whl (105 kB)
#8 19.61 Downloading faiss_cpu-1.12.0-cp311-cp311-manylinux_2_27_x86_64.manylinux_2_28_x86_64.whl (31.4 MB)
#8 21.06    ━━━━━━━━━━━━━━━━━━━━━━━━━━━━━━━━━━━━━━━━ 31.4/31.4 MB 21.7 MB/s  0:00:01
#8 21.07 Downloading numpy-2.3.2-cp311-cp311-manylinux_2_27_x86_64.manylinux_2_28_x86_64.whl (16.9 MB)
#8 21.57    ━━━━━━━━━━━━━━━━━━━━━━━━━━━━━━━━━━━━━━━━ 16.9/16.9 MB 33.7 MB/s  0:00:00
#8 21.59 Downloading huggingface_hub-0.34.4-py3-none-any.whl (561 kB)
#8 21.61    ━━━━━━━━━━━━━━━━━━━━━━━━━━━━━━━━━━━━━━━━ 561.5/561.5 kB 42.2 MB/s  0:00:00
#8 21.62 Downloading hf_xet-1.1.8-cp37-abi3-manylinux_2_17_x86_64.manylinux2014_x86_64.whl (3.2 MB)
#8 21.71    ━━━━━━━━━━━━━━━━━━━━━━━━━━━━━━━━━━━━━━━━ 3.2/3.2 MB 38.7 MB/s  0:00:00
#8 21.77 Downloading transformers-4.55.2-py3-none-any.whl (11.3 MB)
#8 22.07    ━━━━━━━━━━━━━━━━━━━━━━━━━━━━━━━━━━━━━━━━ 11.3/11.3 MB 36.5 MB/s  0:00:00
#8 22.09 Downloading tokenizers-0.21.4-cp39-abi3-manylinux_2_17_x86_64.manylinux2014_x86_64.whl (3.1 MB)
#8 22.18    ━━━━━━━━━━━━━━━━━━━━━━━━━━━━━━━━━━━━━━━━ 3.1/3.1 MB 33.4 MB/s  0:00:00
#8 22.20 Downloading sentence_transformers-5.1.0-py3-none-any.whl (483 kB)
#8 22.23 Downloading regex-2025.7.34-cp311-cp311-manylinux2014_x86_64.manylinux_2_17_x86_64.manylinux_2_28_x86_64.whl (798 kB)
#8 22.25    ━━━━━━━━━━━━━━━━━━━━━━━━━━━━━━━━━━━━━━━━ 798.9/798.9 kB 36.5 MB/s  0:00:00
#8 22.27 Downloading aiohappyeyeballs-2.6.1-py3-none-any.whl (15 kB)
#8 22.28 Downloading aiosignal-1.4.0-py3-none-any.whl (7.5 kB)
#8 22.29 Downloading annotated_types-0.7.0-py3-none-any.whl (13 kB)
#8 22.30 Downloading attrs-25.3.0-py3-none-any.whl (63 kB)
#8 22.31 Downloading backoff-2.2.1-py3-none-any.whl (15 kB)
#8 22.32 Downloading bcrypt-4.3.0-cp39-abi3-manylinux_2_34_x86_64.whl (284 kB)
#8 22.34 Downloading build-1.3.0-py3-none-any.whl (23 kB)
#8 22.36 Downloading certifi-2025.8.3-py3-none-any.whl (161 kB)
#8 22.37 Downloading click-8.2.1-py3-none-any.whl (102 kB)
#8 22.39 Downloading frozenlist-1.7.0-cp311-cp311-manylinux_2_5_x86_64.manylinux1_x86_64.manylinux_2_17_x86_64.manylinux2014_x86_64.whl (235 kB)
#8 22.40 Downloading fsspec-2025.7.0-py3-none-any.whl (199 kB)
#8 22.42 Downloading greenlet-3.2.4-cp311-cp311-manylinux_2_24_x86_64.manylinux_2_28_x86_64.whl (587 kB)
#8 22.44    ━━━━━━━━━━━━━━━━━━━━━━━━━━━━━━━━━━━━━━━━ 587.7/587.7 kB 43.5 MB/s  0:00:00
#8 22.45 Downloading grpcio-1.74.0-cp311-cp311-manylinux_2_17_x86_64.manylinux2014_x86_64.whl (6.2 MB)
#8 22.63    ━━━━━━━━━━━━━━━━━━━━━━━━━━━━━━━━━━━━━━━━ 6.2/6.2 MB 34.4 MB/s  0:00:00
#8 22.64 Downloading h11-0.16.0-py3-none-any.whl (37 kB)
#8 22.66 Downloading httptools-0.6.4-cp311-cp311-manylinux_2_5_x86_64.manylinux1_x86_64.manylinux_2_17_x86_64.manylinux2014_x86_64.whl (459 kB)
#8 22.68 Downloading jsonpointer-3.0.0-py2.py3-none-any.whl (7.6 kB)
#8 22.69 Downloading jsonschema-4.25.1-py3-none-any.whl (90 kB)
#8 22.71 Downloading jsonschema_specifications-2025.4.1-py3-none-any.whl (18 kB)
#8 22.72 Downloading kubernetes-33.1.0-py2.py3-none-any.whl (1.9 MB)
#8 22.77    ━━━━━━━━━━━━━━━━━━━━━━━━━━━━━━━━━━━━━━━━ 1.9/1.9 MB 37.4 MB/s  0:00:00
#8 22.78 Downloading durationpy-0.10-py3-none-any.whl (3.9 kB)
#8 22.79 Downloading google_auth-2.40.3-py2.py3-none-any.whl (216 kB)
#8 22.81 Downloading cachetools-5.5.2-py3-none-any.whl (10 kB)
#8 22.82 Downloading rsa-4.9.1-py3-none-any.whl (34 kB)
#8 22.83 Downloading langsmith-0.4.14-py3-none-any.whl (373 kB)
#8 22.85 Downloading mmh3-5.2.0-cp311-cp311-manylinux1_x86_64.manylinux_2_28_x86_64.manylinux_2_5_x86_64.whl (103 kB)
#8 22.87 Downloading mypy_extensions-1.1.0-py3-none-any.whl (5.0 kB)
#8 22.88 Downloading oauthlib-3.3.1-py3-none-any.whl (160 kB)
#8 22.90 Downloading onnxruntime-1.22.1-cp311-cp311-manylinux_2_27_x86_64.manylinux_2_28_x86_64.whl (16.5 MB)
#8 23.57    ━━━━━━━━━━━━━━━━━━━━━━━━━━━━━━━━━━━━━━━━ 16.5/16.5 MB 24.5 MB/s  0:00:00
#8 23.59 Downloading opentelemetry_api-1.36.0-py3-none-any.whl (65 kB)
#8 23.60 Downloading importlib_metadata-8.7.0-py3-none-any.whl (27 kB)
#8 23.62 Downloading opentelemetry_exporter_otlp_proto_grpc-1.36.0-py3-none-any.whl (18 kB)
#8 23.63 Downloading opentelemetry_exporter_otlp_proto_common-1.36.0-py3-none-any.whl (18 kB)
#8 23.64 Downloading opentelemetry_proto-1.36.0-py3-none-any.whl (72 kB)
#8 23.66 Downloading googleapis_common_protos-1.70.0-py3-none-any.whl (294 kB)
#8 23.68 Downloading opentelemetry_sdk-1.36.0-py3-none-any.whl (119 kB)
#8 23.69 Downloading opentelemetry_semantic_conventions-0.57b0-py3-none-any.whl (201 kB)
#8 23.72 Downloading protobuf-6.32.0-cp39-abi3-manylinux2014_x86_64.whl (322 kB)
#8 23.74 Downloading orjson-3.11.2-cp311-cp311-manylinux_2_17_x86_64.manylinux2014_x86_64.whl (121 kB)
#8 23.75 Downloading overrides-7.7.0-py3-none-any.whl (17 kB)
#8 23.77 Downloading packaging-25.0-py3-none-any.whl (66 kB)
#8 23.78 Downloading propcache-0.3.2-cp311-cp311-manylinux_2_17_x86_64.manylinux2014_x86_64.whl (213 kB)
#8 23.80 Downloading pyasn1-0.6.1-py3-none-any.whl (83 kB)
#8 23.81 Downloading pyasn1_modules-0.4.2-py3-none-any.whl (181 kB)
#8 23.83 Downloading pybase64-1.4.2-cp311-cp311-manylinux1_x86_64.manylinux2014_x86_64.manylinux_2_17_x86_64.manylinux_2_5_x86_64.whl (71 kB)
#8 23.84 Downloading python_dateutil-2.9.0.post0-py2.py3-none-any.whl (229 kB)
#8 23.86 Downloading pytz-2025.2-py2.py3-none-any.whl (509 kB)
#8 23.88 Downloading PyYAML-6.0.2-cp311-cp311-manylinux_2_17_x86_64.manylinux2014_x86_64.whl (762 kB)
#8 23.91    ━━━━━━━━━━━━━━━━━━━━━━━━━━━━━━━━━━━━━━━━ 763.0/763.0 kB 34.6 MB/s  0:00:00
#8 23.92 Downloading referencing-0.36.2-py3-none-any.whl (26 kB)
#8 23.93 Downloading requests_toolbelt-1.0.0-py2.py3-none-any.whl (54 kB)
#8 23.95 Downloading rich-14.1.0-py3-none-any.whl (243 kB)
#8 23.97 Downloading pygments-2.19.2-py3-none-any.whl (1.2 MB)
#8 24.01    ━━━━━━━━━━━━━━━━━━━━━━━━━━━━━━━━━━━━━━━━ 1.2/1.2 MB 27.3 MB/s  0:00:00
#8 24.03 Downloading markdown_it_py-4.0.0-py3-none-any.whl (87 kB)
#8 24.05 Downloading mdurl-0.1.2-py3-none-any.whl (10.0 kB)
#8 24.06 Downloading rpds_py-0.27.0-cp311-cp311-manylinux_2_17_x86_64.manylinux2014_x86_64.whl (383 kB)
#8 24.08 Downloading safetensors-0.6.2-cp38-abi3-manylinux_2_17_x86_64.manylinux2014_x86_64.whl (485 kB)
#8 24.11 Downloading six-1.17.0-py2.py3-none-any.whl (11 kB)
#8 24.12 Downloading sniffio-1.3.1-py3-none-any.whl (10 kB)
#8 24.13 Downloading torch-2.8.0-cp311-cp311-manylinux_2_28_x86_64.whl (888.1 MB)
#8 54.27    ━━━━━━━━━━━━━━━━━━━━━━━━━━━━━━━━━━━━━━━━ 888.1/888.1 MB 30.0 MB/s  0:00:30
#8 54.29 Downloading nvidia_cublas_cu12-12.8.4.1-py3-none-manylinux_2_27_x86_64.whl (594.3 MB)
#8 71.58    ━━━━━━━━━━━━━━━━━━━━━━━━━━━━━━━━━━━━━━━━ 594.3/594.3 MB 35.6 MB/s  0:00:17
#8 71.59 Downloading nvidia_cuda_cupti_cu12-12.8.90-py3-none-manylinux2014_x86_64.manylinux_2_17_x86_64.whl (10.2 MB)
#8 71.88    ━━━━━━━━━━━━━━━━━━━━━━━━━━━━━━━━━━━━━━━━ 10.2/10.2 MB 36.6 MB/s  0:00:00
#8 71.89 Downloading nvidia_cuda_nvrtc_cu12-12.8.93-py3-none-manylinux2010_x86_64.manylinux_2_12_x86_64.whl (88.0 MB)
#8 74.37    ━━━━━━━━━━━━━━━━━━━━━━━━━━━━━━━━━━━━━━━━ 88.0/88.0 MB 35.5 MB/s  0:00:02
#8 74.38 Downloading nvidia_cuda_runtime_cu12-12.8.90-py3-none-manylinux2014_x86_64.manylinux_2_17_x86_64.whl (954 kB)
#8 74.42    ━━━━━━━━━━━━━━━━━━━━━━━━━━━━━━━━━━━━━━━━ 954.8/954.8 kB 31.1 MB/s  0:00:00
#8 74.43 Downloading nvidia_cudnn_cu12-9.10.2.21-py3-none-manylinux_2_27_x86_64.whl (706.8 MB)
#8 96.57    ━━━━━━━━━━━━━━━━━━━━━━━━━━━━━━━━━━━━━━━━ 706.8/706.8 MB 32.3 MB/s  0:00:22
#8 96.58 Downloading nvidia_cufft_cu12-11.3.3.83-py3-none-manylinux2014_x86_64.manylinux_2_17_x86_64.whl (193.1 MB)
#8 102.2    ━━━━━━━━━━━━━━━━━━━━━━━━━━━━━━━━━━━━━━━━ 193.1/193.1 MB 34.6 MB/s  0:00:05
#8 102.2 Downloading nvidia_cufile_cu12-1.13.1.3-py3-none-manylinux2014_x86_64.manylinux_2_17_x86_64.whl (1.2 MB)
#8 102.2    ━━━━━━━━━━━━━━━━━━━━━━━━━━━━━━━━━━━━━━━━ 1.2/1.2 MB 38.3 MB/s  0:00:00
#8 102.2 Downloading nvidia_curand_cu12-10.3.9.90-py3-none-manylinux_2_27_x86_64.whl (63.6 MB)
#8 104.2    ━━━━━━━━━━━━━━━━━━━━━━━━━━━━━━━━━━━━━━━━ 63.6/63.6 MB 32.7 MB/s  0:00:01
#8 104.2 Downloading nvidia_cusolver_cu12-11.7.3.90-py3-none-manylinux_2_27_x86_64.whl (267.5 MB)
#8 112.3    ━━━━━━━━━━━━━━━━━━━━━━━━━━━━━━━━━━━━━━━━ 267.5/267.5 MB 32.8 MB/s  0:00:08
#8 112.3 Downloading nvidia_cusparse_cu12-12.5.8.93-py3-none-manylinux2014_x86_64.manylinux_2_17_x86_64.whl (288.2 MB)
#8 120.5    ━━━━━━━━━━━━━━━━━━━━━━━━━━━━━━━━━━━━━━━━ 288.2/288.2 MB 36.1 MB/s  0:00:08
#8 120.5 Downloading nvidia_cusparselt_cu12-0.7.1-py3-none-manylinux2014_x86_64.whl (287.2 MB)
#8 130.8    ━━━━━━━━━━━━━━━━━━━━━━━━━━━━━━━━━━━━━━━━ 287.2/287.2 MB 27.9 MB/s  0:00:10
#8 130.9 Downloading nvidia_nccl_cu12-2.27.3-py3-none-manylinux2014_x86_64.manylinux_2_17_x86_64.whl (322.4 MB)
#8 141.2    ━━━━━━━━━━━━━━━━━━━━━━━━━━━━━━━━━━━━━━━━ 322.4/322.4 MB 32.3 MB/s  0:00:10
#8 141.3 Downloading nvidia_nvjitlink_cu12-12.8.93-py3-none-manylinux2010_x86_64.manylinux_2_12_x86_64.whl (39.3 MB)
#8 142.4    ━━━━━━━━━━━━━━━━━━━━━━━━━━━━━━━━━━━━━━━━ 39.3/39.3 MB 33.7 MB/s  0:00:01
#8 142.4 Downloading nvidia_nvtx_cu12-12.8.90-py3-none-manylinux2014_x86_64.manylinux_2_17_x86_64.whl (89 kB)
#8 142.4 Downloading triton-3.4.0-cp311-cp311-manylinux_2_27_x86_64.manylinux_2_28_x86_64.whl (155.5 MB)
#8 147.9    ━━━━━━━━━━━━━━━━━━━━━━━━━━━━━━━━━━━━━━━━ 155.5/155.5 MB 28.5 MB/s  0:00:05
#8 147.9 Downloading sympy-1.14.0-py3-none-any.whl (6.3 MB)
#8 148.1    ━━━━━━━━━━━━━━━━━━━━━━━━━━━━━━━━━━━━━━━━ 6.3/6.3 MB 36.8 MB/s  0:00:00
#8 148.1 Downloading mpmath-1.3.0-py3-none-any.whl (536 kB)
#8 148.1    ━━━━━━━━━━━━━━━━━━━━━━━━━━━━━━━━━━━━━━━━ 536.2/536.2 kB 41.5 MB/s  0:00:00
#8 148.1 Downloading tqdm-4.67.1-py3-none-any.whl (78 kB)
#8 148.1 Downloading typer-0.16.1-py3-none-any.whl (46 kB)
#8 148.2 Downloading shellingham-1.5.4-py2.py3-none-any.whl (9.8 kB)
#8 148.2 Downloading typing_inspection-0.4.1-py3-none-any.whl (14 kB)
#8 148.2 Downloading tzdata-2025.2-py2.py3-none-any.whl (347 kB)
#8 148.2 Downloading uvloop-0.21.0-cp311-cp311-manylinux_2_17_x86_64.manylinux2014_x86_64.whl (4.0 MB)
#8 148.3    ━━━━━━━━━━━━━━━━━━━━━━━━━━━━━━━━━━━━━━━━ 4.0/4.0 MB 35.1 MB/s  0:00:00
#8 148.3 Downloading watchfiles-1.1.0-cp311-cp311-manylinux_2_17_x86_64.manylinux2014_x86_64.whl (453 kB)
#8 148.4 Downloading websocket_client-1.8.0-py3-none-any.whl (58 kB)
#8 148.4 Downloading websockets-15.0.1-cp311-cp311-manylinux_2_5_x86_64.manylinux1_x86_64.manylinux_2_17_x86_64.manylinux2014_x86_64.whl (182 kB)
#8 148.4 Downloading zipp-3.23.0-py3-none-any.whl (10 kB)
#8 148.4 Downloading zstandard-0.24.0-cp311-cp311-manylinux2014_x86_64.manylinux_2_17_x86_64.whl (5.6 MB)
#8 148.6    ━━━━━━━━━━━━━━━━━━━━━━━━━━━━━━━━━━━━━━━━ 5.6/5.6 MB 36.4 MB/s  0:00:00
#8 148.6 Downloading coloredlogs-15.0.1-py2.py3-none-any.whl (46 kB)
#8 148.6 Downloading humanfriendly-10.0-py2.py3-none-any.whl (86 kB)
#8 148.6 Downloading filelock-3.19.1-py3-none-any.whl (15 kB)
#8 148.6 Downloading flatbuffers-25.2.10-py2.py3-none-any.whl (30 kB)
#8 148.6 Downloading importlib_resources-6.5.2-py3-none-any.whl (37 kB)
#8 148.6 Downloading jinja2-3.1.6-py3-none-any.whl (134 kB)
#8 148.6 Downloading MarkupSafe-3.0.2-cp311-cp311-manylinux_2_17_x86_64.manylinux2014_x86_64.whl (23 kB)
#8 148.7 Downloading networkx-3.5-py3-none-any.whl (2.0 MB)
#8 148.7    ━━━━━━━━━━━━━━━━━━━━━━━━━━━━━━━━━━━━━━━━ 2.0/2.0 MB 38.8 MB/s  0:00:00
#8 148.7 Downloading pillow-11.3.0-cp311-cp311-manylinux_2_27_x86_64.manylinux_2_28_x86_64.whl (6.6 MB)
#8 148.9    ━━━━━━━━━━━━━━━━━━━━━━━━━━━━━━━━━━━━━━━━ 6.6/6.6 MB 36.2 MB/s  0:00:00
#8 148.9 Downloading pyproject_hooks-1.2.0-py3-none-any.whl (10 kB)
#8 148.9 Downloading requests_oauthlib-2.0.0-py2.py3-none-any.whl (24 kB)
#8 149.0 Downloading scikit_learn-1.7.1-cp311-cp311-manylinux2014_x86_64.manylinux_2_17_x86_64.whl (9.7 MB)
#8 149.3    ━━━━━━━━━━━━━━━━━━━━━━━━━━━━━━━━━━━━━━━━ 9.7/9.7 MB 32.0 MB/s  0:00:00
#8 149.3 Downloading joblib-1.5.1-py3-none-any.whl (307 kB)
#8 149.3 Downloading scipy-1.16.1-cp311-cp311-manylinux2014_x86_64.manylinux_2_17_x86_64.whl (35.4 MB)
#8 150.5    ━━━━━━━━━━━━━━━━━━━━━━━━━━━━━━━━━━━━━━━━ 35.4/35.4 MB 31.3 MB/s  0:00:01
#8 150.5 Downloading threadpoolctl-3.6.0-py3-none-any.whl (18 kB)
#8 153.2 Building wheels for collected packages: pypika
#8 153.2   Building wheel for pypika (pyproject.toml): started
#8 153.5   Building wheel for pypika (pyproject.toml): finished with status 'done'
#8 153.5   Created wheel for pypika: filename=pypika-0.48.9-py2.py3-none-any.whl size=53803 sha256=5f30099f34b3ef6a0a6108554f415f8684f2018c38c8e14b2c236f35333eb140
#8 153.5   Stored in directory: /tmp/pip-ephem-wheel-cache-mjrnnwo2/wheels/a3/01/bd/4c40ceb9d5354160cb186dcc153360f4ab7eb23e2b24daf96d
#8 153.5 Successfully built pypika
#8 153.8 Installing collected packages: pytz, pypika, nvidia-cusparselt-cu12, mpmath, flatbuffers, durationpy, zstandard, zipp, websockets, websocket-client, uvloop, urllib3, tzdata, typing-extensions, triton, tqdm, threadpoolctl, tenacity, sympy, sniffio, six, shellingham, safetensors, rpds-py, regex, pyyaml, python-dotenv, pyproject_hooks, pygments, pybase64, pyasn1, protobuf, propcache, Pillow, packaging, overrides, orjson, oauthlib, nvidia-nvtx-cu12, nvidia-nvjitlink-cu12, nvidia-nccl-cu12, nvidia-curand-cu12, nvidia-cufile-cu12, nvidia-cuda-runtime-cu12, nvidia-cuda-nvrtc-cu12, nvidia-cuda-cupti-cu12, nvidia-cublas-cu12, numpy, networkx, mypy-extensions, multidict, mmh3, mdurl, MarkupSafe, jsonpointer, joblib, jiter, importlib-resources, idna, humanfriendly, httpx-sse, httptools, hf-xet, h11, grpcio, greenlet, fsspec, frozenlist, filelock, distro, click, charset_normalizer, certifi, cachetools, bcrypt, backoff, attrs, annotated-types, aiohappyeyeballs, yarl, uvicorn, typing-inspection, typing-inspect, SQLAlchemy, scipy, rsa, requests, referencing, python-dateutil, pydantic-core, pyasn1-modules, opentelemetry-proto, nvidia-cusparse-cu12, nvidia-cufft-cu12, nvidia-cudnn-cu12, marshmallow, markdown-it-py, jsonpatch, jinja2, importlib-metadata, httpcore, googleapis-common-protos, faiss-cpu, coloredlogs, build, anyio, aiosignal, watchfiles, tiktoken, starlette, scikit-learn, rich, requests-toolbelt, requests-oauthlib, pydantic, posthog, pandas, opentelemetry-exporter-otlp-proto-common, opentelemetry-api, onnxruntime, nvidia-cusolver-cu12, jsonschema-specifications, huggingface-hub, httpx, google-auth, dataclasses-json, aiohttp, typer, torch, tokenizers, pydantic-settings, opentelemetry-semantic-conventions, openai, langsmith, kubernetes, jsonschema, fastapi, transformers, opentelemetry-sdk, langchain-core, sentence-transformers, opentelemetry-exporter-otlp-proto-grpc, langchain-text-splitters, langchain-openai, langchain, chromadb, langchain-community
#8 255.4 
#8 255.4 Successfully installed MarkupSafe-3.0.2 Pillow-11.3.0 SQLAlchemy-2.0.43 aiohappyeyeballs-2.6.1 aiohttp-3.12.15 aiosignal-1.4.0 annotated-types-0.7.0 anyio-4.10.0 attrs-25.3.0 backoff-2.2.1 bcrypt-4.3.0 build-1.3.0 cachetools-5.5.2 certifi-2025.8.3 charset_normalizer-3.4.3 chromadb-1.0.20 click-8.2.1 coloredlogs-15.0.1 dataclasses-json-0.6.7 distro-1.9.0 durationpy-0.10 faiss-cpu-1.12.0 fastapi-0.116.1 filelock-3.19.1 flatbuffers-25.2.10 frozenlist-1.7.0 fsspec-2025.7.0 google-auth-2.40.3 googleapis-common-protos-1.70.0 greenlet-3.2.4 grpcio-1.74.0 h11-0.16.0 hf-xet-1.1.8 httpcore-1.0.9 httptools-0.6.4 httpx-0.28.1 httpx-sse-0.4.1 huggingface-hub-0.34.4 humanfriendly-10.0 idna-3.10 importlib-metadata-8.7.0 importlib-resources-6.5.2 jinja2-3.1.6 jiter-0.10.0 joblib-1.5.1 jsonpatch-1.33 jsonpointer-3.0.0 jsonschema-4.25.1 jsonschema-specifications-2025.4.1 kubernetes-33.1.0 langchain-0.3.27 langchain-community-0.3.27 langchain-core-0.3.74 langchain-openai-0.3.30 langchain-text-splitters-0.3.9 langsmith-0.4.14 markdown-it-py-4.0.0 marshmallow-3.26.1 mdurl-0.1.2 mmh3-5.2.0 mpmath-1.3.0 multidict-6.6.4 mypy-extensions-1.1.0 networkx-3.5 numpy-2.3.2 nvidia-cublas-cu12-12.8.4.1 nvidia-cuda-cupti-cu12-12.8.90 nvidia-cuda-nvrtc-cu12-12.8.93 nvidia-cuda-runtime-cu12-12.8.90 nvidia-cudnn-cu12-9.10.2.21 nvidia-cufft-cu12-11.3.3.83 nvidia-cufile-cu12-1.13.1.3 nvidia-curand-cu12-10.3.9.90 nvidia-cusolver-cu12-11.7.3.90 nvidia-cusparse-cu12-12.5.8.93 nvidia-cusparselt-cu12-0.7.1 nvidia-nccl-cu12-2.27.3 nvidia-nvjitlink-cu12-12.8.93 nvidia-nvtx-cu12-12.8.90 oauthlib-3.3.1 onnxruntime-1.22.1 openai-1.100.1 opentelemetry-api-1.36.0 opentelemetry-exporter-otlp-proto-common-1.36.0 opentelemetry-exporter-otlp-proto-grpc-1.36.0 opentelemetry-proto-1.36.0 opentelemetry-sdk-1.36.0 opentelemetry-semantic-conventions-0.57b0 orjson-3.11.2 overrides-7.7.0 packaging-25.0 pandas-2.3.1 posthog-5.4.0 propcache-0.3.2 protobuf-6.32.0 pyasn1-0.6.1 pyasn1-modules-0.4.2 pybase64-1.4.2 pydantic-2.11.7 pydantic-core-2.33.2 pydantic-settings-2.10.1 pygments-2.19.2 pypika-0.48.9 pyproject_hooks-1.2.0 python-dateutil-2.9.0.post0 python-dotenv-1.1.1 pytz-2025.2 pyyaml-6.0.2 referencing-0.36.2 regex-2025.7.34 requests-2.32.5 requests-oauthlib-2.0.0 requests-toolbelt-1.0.0 rich-14.1.0 rpds-py-0.27.0 rsa-4.9.1 safetensors-0.6.2 scikit-learn-1.7.1 scipy-1.16.1 sentence-transformers-5.1.0 shellingham-1.5.4 six-1.17.0 sniffio-1.3.1 starlette-0.47.2 sympy-1.14.0 tenacity-9.1.2 threadpoolctl-3.6.0 tiktoken-0.11.0 tokenizers-0.21.4 torch-2.8.0 tqdm-4.67.1 transformers-4.55.2 triton-3.4.0 typer-0.16.1 typing-extensions-4.14.1 typing-inspect-0.9.0 typing-inspection-0.4.1 tzdata-2025.2 urllib3-2.5.0 uvicorn-0.35.0 uvloop-0.21.0 watchfiles-1.1.0 websocket-client-1.8.0 websockets-15.0.1 yarl-1.20.1 zipp-3.23.0 zstandard-0.24.0
#8 255.4 WARNING: Running pip as the 'root' user can result in broken permissions and conflicting behaviour with the system package manager, possibly rendering your system unusable. It is recommended to use a virtual environment instead: https://pip.pypa.io/warnings/venv. Use the --root-user-action option if you know what you are doing and want to suppress this warning.
#8 DONE 259.7s

#9 [3/5] COPY requirements.txt .
#9 CACHED

#10 [4/5] RUN pip install --upgrade pip &&     pip install --no-cache-dir -r requirements.txt
#10 CACHED

#11 [5/5] COPY . .
#11 DONE 0.7s

#12 exporting to image
#12 exporting layers
#12 exporting layers 225.7s done
#12 exporting manifest sha256:3b5828e7d1f62c495f63961645e8b6c627df2c6932918692f077394f79c18f37 0.0s done
#12 exporting config sha256:3d4007346ae59df5b1459699ab8744e1340a3ce82faf6b509c20c458e9f05fbb 0.0s done
#12 exporting attestation manifest sha256:10331a3967eb3d8919cc599ac6d181a4c8ee371816639756dd10de433f0e47c7
#12 exporting attestation manifest sha256:10331a3967eb3d8919cc599ac6d181a4c8ee371816639756dd10de433f0e47c7 0.1s done
#12 exporting manifest list sha256:721bb16d7b582c3fd801f9858e3d9c74cd49d82e568f33fdd59a9d3082a9a08e
#12 exporting manifest list sha256:721bb16d7b582c3fd801f9858e3d9c74cd49d82e568f33fdd59a9d3082a9a08e 0.1s done
#12 naming to kt16big.azurecr.io/chatbot-backend-lee:latest 0.0s done
#12 unpacking to kt16big.azurecr.io/chatbot-backend-lee:latest
#12 unpacking to kt16big.azurecr.io/chatbot-backend-lee:latest 66.6s done
#12 DONE 292.9s
